// Jest Snapshot v1, https://goo.gl/fbAQLP

exports[`should emit valid events on both queue and worker objects 1`] = `2`;
